[andrewborstein.com/index.html]
[maxcdn.bootstrapcdn.com/font-awesome/4.3.0/css/font-awesome.min.css]
[andrewborstein.com/assets/css/style.css]
[backblue.gif]
[fade.gif]
[index.html]
[andrewborstein.com/assets/img/favicon/apple-icon-57x57.png]
[cdnjs.cloudflare.com/ajax/libs/materialize/0.95.3/css/materialize.min.css]
[andrewborstein.com/assets/img/favicon/apple-icon-60x60.png]
[andrewborstein.com/assets/img/favicon/apple-icon-72x72.png]
[andrewborstein.com/assets/img/favicon/apple-icon-76x76.png]
[andrewborstein.com/assets/img/favicon/apple-icon-114x114.png]
[andrewborstein.com/assets/img/favicon/apple-icon-120x120.png]
[andrewborstein.com/assets/img/favicon/apple-icon-144x144.png]
[andrewborstein.com/assets/img/favicon/apple-icon-152x152.png]
[andrewborstein.com/assets/img/favicon/apple-icon-180x180.png]
[andrewborstein.com/assets/img/favicon/android-icon-192x192.png]
[andrewborstein.com/assets/img/favicon/favicon-32x32.png]
[andrewborstein.com/assets/img/favicon/favicon-96x96.png]
[andrewborstein.com/assets/img/favicon/favicon-16x16.png]
[andrewborstein.com/assets/img/favicon/manifest.json]
[andrewborstein.com/assets/img/favicon/ms-icon-144x144.png]
[andrewborstein.com/assets/img/wespire-logo.jpg]
[andrewborstein.com/assets/img/si-logo.png]
[andrewborstein.com/assets/img/brownborg-logo.png]
[andrewborstein.com/assets/img/equal-access-ri.png]
[andrewborstein.com/assets/img/chop.jpg]
[andrewborstein.com/assets/img/rhdri-logo.png]
[andrewborstein.com/assets/img/monty-are-i-logo.png]
[andrewborstein.com/assets/img/interpol8r.jpg]
[andrewborstein.com/assets/img/blogspire.jpg]
[andrewborstein.com/assets/img/code-island.jpg]
[andrewborstein.com/assets/img/saved-by-the-text.jpg]
[andrewborstein.com/assets/img/skate-something.jpg]
[andrewborstein.com/assets/img/ri-wifi.jpg]
[andrewborstein.com/assets/img/pinteresting.jpg]
[andrewborstein.com/assets/img/shelter-finder.jpg]
[andrewborstein.com/assets/img/chandon.jpg]
[andrewborstein.com/assets/img/madlibs.jpg]
[andrewborstein.com/assets/img/cidewalk.jpg]
[andrewborstein.com/assets/img/brownborg-studios.jpg]
[andrewborstein.com/assets/img/html5.png]
[andrewborstein.com/assets/img/react.png]
[andrewborstein.com/assets/img/haml.png]
[andrewborstein.com/assets/img/jade.png]
[andrewborstein.com/assets/img/jekyll.png]
[andrewborstein.com/assets/img/css3.png]
[andrewborstein.com/assets/img/sass.png]
[andrewborstein.com/assets/img/bootstrap.png]
[andrewborstein.com/assets/img/foundation.png]
[andrewborstein.com/assets/img/materialize.png]
[andrewborstein.com/assets/img/javascript.png]
[andrewborstein.com/assets/img/jquery.png]
[andrewborstein.com/assets/img/angular.png]
[andrewborstein.com/assets/img/nodejs.png]
[andrewborstein.com/assets/img/ionic.png]
[andrewborstein.com/assets/img/ruby.png]
[andrewborstein.com/assets/img/rails.png]
[andrewborstein.com/assets/img/minitest.png]
[andrewborstein.com/assets/img/postgresql.png]
[andrewborstein.com/assets/img/mongodb.png]
[andrewborstein.com/assets/img/webpack.png]
[andrewborstein.com/assets/img/gulp.png]
[andrewborstein.com/assets/img/grunt.png]
[andrewborstein.com/assets/img/bower.png]
[andrewborstein.com/assets/img/wordpress.png]
[andrewborstein.com/assets/img/tumblr.png]
[andrewborstein.com/assets/img/squarespace.png]
[andrewborstein.com/assets/img/github.png]
[andrewborstein.com/assets/img/heroku.png]
[andrewborstein.com/assets/img/photoshop.png]
[andrewborstein.com/assets/img/fcpx.png]
[andrewborstein.com/blog/hello-world-and-why-im-blogging.html]
[ajax.googleapis.com/ajax/libs/jquery/1.11.2/jquery.min.js]
[andrewborstein.com/index.html]
[cdnjs.cloudflare.com/ajax/libs/materialize/0.95.3/css/materialize.min.css]
[maxcdn.bootstrapcdn.com/font-awesome/4.3.0/css/font-awesome.min.css]
[cdnjs.cloudflare.com/ajax/libs/materialize/0.95.3/js/materialize.min.js]
[andrewborstein.com/assets/img/bg.png]
[andrewborstein.com/assets/img/andrew-borstein-2a.jpg]
[andrewborstein.com/assets/css/style.css]
[andrewborstein.com/startupinstitute.html]
[andrewborstein.com/blog/hello-world-and-why-im-blogging.html]
